;;;;;;

 Start-up file name: SSDCstartup                                                                                                             
 ===============================================================
 Reading the start-up file
 ==========================================================================
 Polynomial order:            1
 ===============================================================
 Over-collocation:            0
 ===============================================================
 Master node reads the AFLR3 grid
 ===============================================================
 Master node builds connectivity and orientation arrays
   Number of vertices             =           27
   Number of hexahedrons          =            8
   Number of boundary faces       =           24
   Number of vertices per element =            8
 ==========================================================================
 Master node calls metis to subdivide the domain
 ===============================================================
 Metis is attempting to divide the domain into 2 partitions
   Returned from metis, 0
 ===============================================================
 Master node distributes elements
 ===============================================================
 Each process constructs the coordinates of the collocated nodes
 ===============================================================
 Each process constructs the metrics
   Metric error: L_inf      1.1657341758564144E-015
 ===========================================================
 Each process finds the partner node of each collocated node
 ===============================================================
 Each process finds the WENO partner node of each collocated node
 ===============================================================
 Each process initializes PETSc ghost vectors
 ===============================================================
 Each process constructs the face-node connectivity
 ===============================================================
 Each process constructs the normal vectors
 ===============================================================
   Modified Elements and L_inf of modification           8   3.4406891076331436E-002
 ===========================================================
 Start actual computation
 ===============================================================
 P           1
 L1   error:    5.9007599642918289E-004
 L2   error:    9.9627005349832432E-004
 Linf error:    5.1583132165226170E-003
 CPU time:          0.1586

 Start-up file name: SSDCstartup                                                                                                             
 ===============================================================
 Reading the start-up file
 ==========================================================================
 Polynomial order:            1
 ===============================================================
 Over-collocation:            0
 ===============================================================
 Master node reads the AFLR3 grid
 ===============================================================
 Master node builds connectivity and orientation arrays
   Number of vertices             =           64
   Number of hexahedrons          =           27
   Number of boundary faces       =           54
   Number of vertices per element =            8
 ==========================================================================
 Master node calls metis to subdivide the domain
 ===============================================================
 Metis is attempting to divide the domain into 3 partitions
   Returned from metis, 0
 ===============================================================
 Master node distributes elements
 ===============================================================
 Each process constructs the coordinates of the collocated nodes
 ===============================================================
 Each process constructs the metrics
   Metric error: L_inf      6.5225602696727947E-016
 ===========================================================
 Each process finds the partner node of each collocated node
 ===============================================================
 Each process finds the WENO partner node of each collocated node
 ===============================================================
 Each process initializes PETSc ghost vectors
 ===============================================================
 Each process constructs the face-node connectivity
 ===============================================================
 Each process constructs the normal vectors
 ===============================================================
   Modified Elements and L_inf of modification          18   1.5678915496971268E-002
 ===========================================================
 Start actual computation
 ===============================================================
 P           1
 L1   error:    4.2682974201823564E-004
 L2   error:    8.2989705797222003E-004
 Linf error:    8.5719959273683199E-003
 CPU time:          0.3149

 Start-up file name: SSDCstartup                                                                                                             
 ===============================================================
 Reading the start-up file
 ==========================================================================
 Polynomial order:            1
 ===============================================================
 Over-collocation:            0
 ===============================================================
 Master node reads the AFLR3 grid
 ===============================================================
 Master node builds connectivity and orientation arrays
   Number of vertices             =          125
   Number of hexahedrons          =           64
   Number of boundary faces       =           96
   Number of vertices per element =            8
 ==========================================================================
 Master node calls metis to subdivide the domain
 ===============================================================
 Metis is attempting to divide the domain into 4 partitions
   Returned from metis, 0
 ===============================================================
 Master node distributes elements
 ===============================================================
 Each process constructs the coordinates of the collocated nodes
 ===============================================================
 Each process constructs the metrics
   Metric error: L_inf      4.6577325329977270E-016
 ===========================================================
 Each process finds the partner node of each collocated node
 ===============================================================
 Each process finds the WENO partner node of each collocated node
 ===============================================================
 Each process initializes PETSc ghost vectors
 ===============================================================
 Each process constructs the face-node connectivity
 ===============================================================
 Each process constructs the normal vectors
 ===============================================================
   Modified Elements and L_inf of modification          32   4.9230662433496497E-003
 ===========================================================
 Start actual computation
 ===============================================================
 P           1
 L1   error:    3.5127838211476226E-004
 L2   error:    7.2741190948574601E-004
 Linf error:    8.4592031382404453E-003
 CPU time:          0.7122

 Start-up file name: SSDCstartup                                                                                                             
 ===============================================================
 Reading the start-up file
 ==========================================================================
 Polynomial order:            2
 ===============================================================
 Over-collocation:            0
 ===============================================================
 Master node reads the AFLR3 grid
 ===============================================================
 Master node builds connectivity and orientation arrays
   Number of vertices             =           27
   Number of hexahedrons          =            8
   Number of boundary faces       =           24
   Number of vertices per element =            8
 ==========================================================================
 Master node calls metis to subdivide the domain
 ===============================================================
 Metis is attempting to divide the domain into 2 partitions
   Returned from metis, 0
 ===============================================================
 Master node distributes elements
 ===============================================================
 Each process constructs the coordinates of the collocated nodes
 ===============================================================
 Each process constructs the metrics
   Metric error: L_inf      6.6769506590347305E-015
 ===========================================================
 Each process finds the partner node of each collocated node
 ===============================================================
 Each process finds the WENO partner node of each collocated node
 ===============================================================
 Each process initializes PETSc ghost vectors
 ===============================================================
 Each process constructs the face-node connectivity
 ===============================================================
 Each process constructs the normal vectors
 ===============================================================
   Modified Elements and L_inf of modification           8   3.5737133782037467E-002
 ===========================================================
 Start actual computation
 ===============================================================
 P           2
 L1   error:    1.2712019994245394E-004
 L2   error:    2.3473930166892910E-004
 Linf error:    3.4356413685261433E-003
 CPU time:          0.3514

 Start-up file name: SSDCstartup                                                                                                             
 ===============================================================
 Reading the start-up file
 ==========================================================================
 Polynomial order:            2
 ===============================================================
 Over-collocation:            0
 ===============================================================
 Master node reads the AFLR3 grid
 ===============================================================
 Master node builds connectivity and orientation arrays
   Number of vertices             =           64
   Number of hexahedrons          =           27
   Number of boundary faces       =           54
   Number of vertices per element =            8
 ==========================================================================
 Master node calls metis to subdivide the domain
 ===============================================================
 Metis is attempting to divide the domain into 3 partitions
   Returned from metis, 0
 ===============================================================
 Master node distributes elements
 ===============================================================
 Each process constructs the coordinates of the collocated nodes
 ===============================================================
 Each process constructs the metrics
   Metric error: L_inf      3.6359804056473877E-015
 ===========================================================
 Each process finds the partner node of each collocated node
 ===============================================================
 Each process finds the WENO partner node of each collocated node
 ===============================================================
 Each process initializes PETSc ghost vectors
 ===============================================================
 Each process constructs the face-node connectivity
 ===============================================================
 Each process constructs the normal vectors
 ===============================================================
   Modified Elements and L_inf of modification          18   1.3249447863359418E-002
 ===========================================================
 Start actual computation
 ===============================================================
 P           2
 L1   error:    7.2960826476761885E-005
 L2   error:    1.5194916395530757E-004
 Linf error:    2.4842004480485069E-003
 CPU time:          0.7009

 Start-up file name: SSDCstartup                                                                                                             
 ===============================================================
 Reading the start-up file
 ==========================================================================
 Polynomial order:            2
 ===============================================================
 Over-collocation:            0
 ===============================================================
 Master node reads the AFLR3 grid
 ===============================================================
 Master node builds connectivity and orientation arrays
   Number of vertices             =          125
   Number of hexahedrons          =           64
   Number of boundary faces       =           96
   Number of vertices per element =            8
 ==========================================================================
 Master node calls metis to subdivide the domain
 ===============================================================
 Metis is attempting to divide the domain into 4 partitions
   Returned from metis, 0
 ===============================================================
 Master node distributes elements
 ===============================================================
 Each process constructs the coordinates of the collocated nodes
 ===============================================================
 Each process constructs the metrics
   Metric error: L_inf      3.2096721114260873E-015
 ===========================================================
 Each process finds the partner node of each collocated node
 ===============================================================
 Each process finds the WENO partner node of each collocated node
 ===============================================================
 Each process initializes PETSc ghost vectors
 ===============================================================
 Each process constructs the face-node connectivity
 ===============================================================
 Each process constructs the normal vectors
 ===============================================================
   Modified Elements and L_inf of modification          32   2.6884529194463208E-003
 ===========================================================
 Start actual computation
 ===============================================================
 P           2
 L1   error:    4.9917669881623388E-005
 L2   error:    1.0239903092852072E-004
 Linf error:    1.7274678879926064E-003
 CPU time:          1.3273

 Start-up file name: SSDCstartup                                                                                                             
 ===============================================================
 Reading the start-up file
 ==========================================================================
 Polynomial order:            3
 ===============================================================
 Over-collocation:            0
 ===============================================================
 Master node reads the AFLR3 grid
 ===============================================================
 Master node builds connectivity and orientation arrays
   Number of vertices             =           27
   Number of hexahedrons          =            8
   Number of boundary faces       =           24
   Number of vertices per element =            8
 ==========================================================================
 Master node calls metis to subdivide the domain
 ===============================================================
 Metis is attempting to divide the domain into 2 partitions
   Returned from metis, 0
 ===============================================================
 Master node distributes elements
 ===============================================================
 Each process constructs the coordinates of the collocated nodes
 ===============================================================
 Each process constructs the metrics
   Metric error: L_inf      3.4433393636401632E-014
 ===========================================================
 Each process finds the partner node of each collocated node
 ===============================================================
 Each process finds the WENO partner node of each collocated node
 ===============================================================
 Each process initializes PETSc ghost vectors
 ===============================================================
 Each process constructs the face-node connectivity
 ===============================================================
 Each process constructs the normal vectors
 ===============================================================
   Modified Elements and L_inf of modification           8   6.5801808552764431E-003
 ===========================================================
 Start actual computation
 ===============================================================
 P           3
 L1   error:    3.1788019922888271E-005
 L2   error:    5.4113371204863663E-005
 Linf error:    6.8473693156945181E-004
 CPU time:          0.7766

 Start-up file name: SSDCstartup                                                                                                             
 ===============================================================
 Reading the start-up file
 ==========================================================================
 Polynomial order:            3
 ===============================================================
 Over-collocation:            0
 ===============================================================
 Master node reads the AFLR3 grid
 ===============================================================
 Master node builds connectivity and orientation arrays
   Number of vertices             =           64
   Number of hexahedrons          =           27
   Number of boundary faces       =           54
   Number of vertices per element =            8
 ==========================================================================
 Master node calls metis to subdivide the domain
 ===============================================================
 Metis is attempting to divide the domain into 3 partitions
   Returned from metis, 0
 ===============================================================
 Master node distributes elements
 ===============================================================
 Each process constructs the coordinates of the collocated nodes
 ===============================================================
 Each process constructs the metrics
   Metric error: L_inf      1.5931700403370996E-014
 ===========================================================
 Each process finds the partner node of each collocated node
 ===============================================================
 Each process finds the WENO partner node of each collocated node
 ===============================================================
 Each process initializes PETSc ghost vectors
 ===============================================================
 Each process constructs the face-node connectivity
 ===============================================================
 Each process constructs the normal vectors
 ===============================================================
   Modified Elements and L_inf of modification          18   1.0197691396575869E-003
 ===========================================================
 Start actual computation
 ===============================================================
 P           3
 L1   error:    1.4064466472397470E-005
 L2   error:    2.5644271825123060E-005
 Linf error:    7.2873822415045475E-004
 CPU time:          1.6262

 Start-up file name: SSDCstartup                                                                                                             
 ===============================================================
 Reading the start-up file
 ==========================================================================
 Polynomial order:            3
 ===============================================================
 Over-collocation:            0
 ===============================================================
 Master node reads the AFLR3 grid
 ===============================================================
 Master node builds connectivity and orientation arrays
   Number of vertices             =          125
   Number of hexahedrons          =           64
   Number of boundary faces       =           96
   Number of vertices per element =            8
 ==========================================================================
 Master node calls metis to subdivide the domain
 ===============================================================
 Metis is attempting to divide the domain into 4 partitions
   Returned from metis, 0
 ===============================================================
 Master node distributes elements
 ===============================================================
 Each process constructs the coordinates of the collocated nodes
 ===============================================================
 Each process constructs the metrics
   Metric error: L_inf      1.0816000872715392E-014
 ===========================================================
 Each process finds the partner node of each collocated node
 ===============================================================
 Each process finds the WENO partner node of each collocated node
 ===============================================================
 Each process initializes PETSc ghost vectors
 ===============================================================
 Each process constructs the face-node connectivity
 ===============================================================
 Each process constructs the normal vectors
 ===============================================================
   Modified Elements and L_inf of modification          32   1.7249502472719294E-004
 ===========================================================
 Start actual computation
 ===============================================================
 P           3
 L1   error:    7.1584206458980965E-006
 L2   error:    1.4015749247347357E-005
 Linf error:    5.8838465808352947E-004
 CPU time:          3.2460

 Start-up file name: SSDCstartup                                                                                                             
 ===============================================================
 Reading the start-up file
 ==========================================================================
 Polynomial order:            4
 ===============================================================
 Over-collocation:            0
 ===============================================================
 Master node reads the AFLR3 grid
 ===============================================================
 Master node builds connectivity and orientation arrays
   Number of vertices             =           27
   Number of hexahedrons          =            8
   Number of boundary faces       =           24
   Number of vertices per element =            8
 ==========================================================================
 Master node calls metis to subdivide the domain
 ===============================================================
 Metis is attempting to divide the domain into 2 partitions
   Returned from metis, 0
 ===============================================================
 Master node distributes elements
 ===============================================================
 Each process constructs the coordinates of the collocated nodes
 ===============================================================
 Each process constructs the metrics
   Metric error: L_inf      7.1402952994681357E-014
 ===========================================================
 Each process finds the partner node of each collocated node
 ===============================================================
 Each process finds the WENO partner node of each collocated node
 ===============================================================
 Each process initializes PETSc ghost vectors
 ===============================================================
 Each process constructs the face-node connectivity
 ===============================================================
 Each process constructs the normal vectors
 ===============================================================
   Modified Elements and L_inf of modification           8   3.4269171048550845E-003
 ===========================================================
 Start actual computation
 ===============================================================
 P           4
 L1   error:    7.5253599642197026E-006
 L2   error:    1.2207242337151574E-005
 Linf error:    2.7338753255126691E-004
 CPU time:          1.9506

 Start-up file name: SSDCstartup                                                                                                             
 ===============================================================
 Reading the start-up file
 ==========================================================================
 Polynomial order:            4
 ===============================================================
 Over-collocation:            0
 ===============================================================
 Master node reads the AFLR3 grid
 ===============================================================
 Master node builds connectivity and orientation arrays
   Number of vertices             =           64
   Number of hexahedrons          =           27
   Number of boundary faces       =           54
   Number of vertices per element =            8
 ==========================================================================
 Master node calls metis to subdivide the domain
 ===============================================================
 Metis is attempting to divide the domain into 3 partitions
   Returned from metis, 0
 ===============================================================
 Master node distributes elements
 ===============================================================
 Each process constructs the coordinates of the collocated nodes
 ===============================================================
 Each process constructs the metrics
   Metric error: L_inf      4.6629367034256575E-014
 ===========================================================
 Each process finds the partner node of each collocated node
 ===============================================================
 Each process finds the WENO partner node of each collocated node
 ===============================================================
 Each process initializes PETSc ghost vectors
 ===============================================================
 Each process constructs the face-node connectivity
 ===============================================================
 Each process constructs the normal vectors
 ===============================================================
   Modified Elements and L_inf of modification          18   7.4192209865818687E-004
 ===========================================================
 Start actual computation
 ===============================================================
 P           4
 L1   error:    2.0278543968167708E-006
 L2   error:    4.0125979527605709E-006
 Linf error:    2.5753276746751097E-004
 CPU time:          4.5439

 Start-up file name: SSDCstartup                                                                                                             
 ===============================================================
 Reading the start-up file
 ==========================================================================
 Polynomial order:            4
 ===============================================================
 Over-collocation:            0
 ===============================================================
 Master node reads the AFLR3 grid
 ===============================================================
 Master node builds connectivity and orientation arrays
   Number of vertices             =          125
   Number of hexahedrons          =           64
   Number of boundary faces       =           96
   Number of vertices per element =            8
 ==========================================================================
 Master node calls metis to subdivide the domain
 ===============================================================
 Metis is attempting to divide the domain into 4 partitions
   Returned from metis, 0
 ===============================================================
 Master node distributes elements
 ===============================================================
 Each process constructs the coordinates of the collocated nodes
 ===============================================================
 Each process constructs the metrics
   Metric error: L_inf      4.5824455341403336E-014
 ===========================================================
 Each process finds the partner node of each collocated node
 ===============================================================
 Each process finds the WENO partner node of each collocated node
 ===============================================================
 Each process initializes PETSc ghost vectors
 ===============================================================
 Each process constructs the face-node connectivity
 ===============================================================
 Each process constructs the normal vectors
 ===============================================================
   Modified Elements and L_inf of modification          32   7.6940576545296007E-005
 ===========================================================
 Start actual computation
 ===============================================================
 P           4
 L1   error:    8.2122265955629514E-007
 L2   error:    1.7375129626015258E-006
 Linf error:    8.8899759709659687E-005
 CPU time:          8.4833

 Start-up file name: SSDCstartup                                                                                                             
 ===============================================================
 Reading the start-up file
 ==========================================================================
 Polynomial order:            5
 ===============================================================
 Over-collocation:            0
 ===============================================================
 Master node reads the AFLR3 grid
 ===============================================================
 Master node builds connectivity and orientation arrays
   Number of vertices             =           27
   Number of hexahedrons          =            8
   Number of boundary faces       =           24
   Number of vertices per element =            8
 ==========================================================================
 Master node calls metis to subdivide the domain
 ===============================================================
 Metis is attempting to divide the domain into 2 partitions
   Returned from metis, 0
 ===============================================================
 Master node distributes elements
 ===============================================================
 Each process constructs the coordinates of the collocated nodes
 ===============================================================
 Each process constructs the metrics
   Metric error: L_inf      1.5489692861692106E-013
 ===========================================================
 Each process finds the partner node of each collocated node
 ===============================================================
 Each process finds the WENO partner node of each collocated node
 ===============================================================
 Each process initializes PETSc ghost vectors
 ===============================================================
 Each process constructs the face-node connectivity
 ===============================================================
 Each process constructs the normal vectors
 ===============================================================
   Modified Elements and L_inf of modification           8   5.4323191749846959E-004
 ===========================================================
 Start actual computation
 ===============================================================
 P           5
 L1   error:    1.5475216034524985E-006
 L2   error:    2.6275287674082361E-006
 Linf error:    1.3688620710045063E-004
 CPU time:          5.0457

 Start-up file name: SSDCstartup                                                                                                             
 ===============================================================
 Reading the start-up file
 ==========================================================================
 Polynomial order:            5
 ===============================================================
 Over-collocation:            0
 ===============================================================
 Master node reads the AFLR3 grid
 ===============================================================
 Master node builds connectivity and orientation arrays
   Number of vertices             =           64
   Number of hexahedrons          =           27
   Number of boundary faces       =           54
   Number of vertices per element =            8
 ==========================================================================
 Master node calls metis to subdivide the domain
 ===============================================================
 Metis is attempting to divide the domain into 3 partitions
   Returned from metis, 0
 ===============================================================
 Master node distributes elements
 ===============================================================
 Each process constructs the coordinates of the collocated nodes
 ===============================================================
 Each process constructs the metrics
   Metric error: L_inf      1.4779844015322396E-013
 ===========================================================
 Each process finds the partner node of each collocated node
 ===============================================================
 Each process finds the WENO partner node of each collocated node
 ===============================================================
 Each process initializes PETSc ghost vectors
 ===============================================================
 Each process constructs the face-node connectivity
 ===============================================================
 Each process constructs the normal vectors
 ===============================================================
   Modified Elements and L_inf of modification          18   3.7352142109781575E-005
 ===========================================================
 Start actual computation
 ===============================================================
 P           5
 L1   error:    4.0180528281494099E-007
 L2   error:    7.7592778310837675E-007
 Linf error:    2.9870543744370259E-005
 CPU time:         12.9978

 Start-up file name: SSDCstartup                                                                                                             
 ===============================================================
 Reading the start-up file
 ==========================================================================
 Polynomial order:            5
 ===============================================================
 Over-collocation:            0
 ===============================================================
 Master node reads the AFLR3 grid
 ===============================================================
 Master node builds connectivity and orientation arrays
   Number of vertices             =          125
   Number of hexahedrons          =           64
   Number of boundary faces       =           96
   Number of vertices per element =            8
 ==========================================================================
 Master node calls metis to subdivide the domain
 ===============================================================
 Metis is attempting to divide the domain into 4 partitions
   Returned from metis, 0
 ===============================================================
 Master node distributes elements
 ===============================================================
 Each process constructs the coordinates of the collocated nodes
 ===============================================================
 Each process constructs the metrics
   Metric error: L_inf      9.1399110502266012E-014
 ===========================================================
 Each process finds the partner node of each collocated node
 ===============================================================
 Each process finds the WENO partner node of each collocated node
 ===============================================================
 Each process initializes PETSc ghost vectors
 ===============================================================
 Each process constructs the face-node connectivity
 ===============================================================
 Each process constructs the normal vectors
 ===============================================================
   Modified Elements and L_inf of modification          32   4.1961688292830505E-006
 ===========================================================
 Start actual computation
 ===============================================================
 P           5
 L1   error:    1.1299266976947469E-007
 L2   error:    2.3930493027767860E-007
 Linf error:    1.5626370395149802E-005
 CPU time:         24.5052
