;;;;;;

 Start-up file name: SSDCstartup                                                                                                             
 ===============================================================
 Reading the start-up file
 ==========================================================================
 Polynomial order:            3
 ===============================================================
 Over-collocation:            0
 ===============================================================
 Master node reads the AFLR3 grid
 ===============================================================
 Master node builds connectivity arrays
   Number of vertices             =           36
   Number of hexahedrons          =            8
   Number of boundary faces       =           34
   Number of vertices per element =            8
 ==========================================================================
 Master node calls metis to subdivide the domain
 ===============================================================
 Metis is attempting to divide the domain into 4 partitions
   Returned from metis, 0
 ===============================================================
 Master node distributes elements
 ===============================================================
 Each process constructs the coordinates of the collocated nodes
 ===============================================================
 Each process constructs the metrics
   Metric error: L_inf      9.5376905988943541E-017
 ===========================================================
 Each process finds the partner node of each collocated node
 ===============================================================
 Each process finds the WENO partner node of each collocated node
 ===============================================================
 Each process initializes PETSc ghost vectors
 ===============================================================
 Each process constructs the face-node connectivity
 ===============================================================
 Each process constructs the normal vectors
 ===============================================================
 Start actual computation
 ===============================================================
 P           3
 L1   error:    1.1926174205586312E-004
 L2   error:    3.1955748081459923E-004
 Linf error:    3.2305847391915776E-003
 CPU time:          3.6367

 Solution files written in solution                                                                                                                


 Start-up file name: SSDCstartup                                                                                                             
 ===============================================================
 Reading the start-up file
 ==========================================================================
 Polynomial order:            3
 ===============================================================
 Over-collocation:            0
 ===============================================================
 Master node reads the AFLR3 grid
 ===============================================================
 Master node builds connectivity arrays
   Number of vertices             =           68
   Number of hexahedrons          =           16
   Number of boundary faces       =           66
   Number of vertices per element =            8
 ==========================================================================
 Master node calls metis to subdivide the domain
 ===============================================================
 Metis is attempting to divide the domain into 4 partitions
   Returned from metis, 0
 ===============================================================
 Master node distributes elements
 ===============================================================
 Each process constructs the coordinates of the collocated nodes
 ===============================================================
 Each process constructs the metrics
   Metric error: L_inf      9.4720066644434054E-017
 ===========================================================
 Each process finds the partner node of each collocated node
 ===============================================================
 Each process finds the WENO partner node of each collocated node
 ===============================================================
 Each process initializes PETSc ghost vectors
 ===============================================================
 Each process constructs the face-node connectivity
 ===============================================================
 Each process constructs the normal vectors
 ===============================================================
 Start actual computation
 ===============================================================
 P           3
 L1   error:    7.0241520431226675E-006
 L2   error:    1.9877003330023380E-005
 Linf error:    2.6726982800262533E-004
 CPU time:          8.2445

 Solution files written in solution                                                                                                                


 Start-up file name: SSDCstartup                                                                                                             
 ===============================================================
 Reading the start-up file
 ==========================================================================
 Polynomial order:            3
 ===============================================================
 Over-collocation:            0
 ===============================================================
 Master node reads the AFLR3 grid
 ===============================================================
 Master node builds connectivity arrays
   Number of vertices             =          132
   Number of hexahedrons          =           32
   Number of boundary faces       =          130
   Number of vertices per element =            8
 ==========================================================================
 Master node calls metis to subdivide the domain
 ===============================================================
 Metis is attempting to divide the domain into 4 partitions
   Returned from metis, 0
 ===============================================================
 Master node distributes elements
 ===============================================================
 Each process constructs the coordinates of the collocated nodes
 ===============================================================
 Each process constructs the metrics
   Metric error: L_inf      1.4104231218641983E-016
 ===========================================================
 Each process finds the partner node of each collocated node
 ===============================================================
 Each process finds the WENO partner node of each collocated node
 ===============================================================
 Each process initializes PETSc ghost vectors
 ===============================================================
 Each process constructs the face-node connectivity
 ===============================================================
 Each process constructs the normal vectors
 ===============================================================
 Start actual computation
 ===============================================================
 P           3
 L1   error:    4.6290158841948490E-007
 L2   error:    1.2795536350759332E-006
 Linf error:    1.7717975494768723E-005
 CPU time:         29.2464

 Solution files written in solution                                                                                                                

