;;;;;;

 Start-up file name: SSDCstartup                                                                                                             
 ===============================================================
 Reading the start-up file
 ==========================================================================
 Inconsistancy between Grid_Topology and npoly. Switching Topology to linear
 Polynomial order:            1
 ===============================================================
 Over-collocation:            0
 ===============================================================
 Master node reads the AFLR3 grid
 ===============================================================
 Master node builds connectivity and orientation arrays
   Number of vertices             =           30
   Number of hexahedrons          =            8
   Number of boundary faces       =           28
   Number of vertices per element =            8
 ==========================================================================
 Master node calls metis to subdivide the domain
 ===============================================================
 Master node distributes elements
 ===============================================================
 Each process constructs the coordinates of the collocated nodes
 ===============================================================
 Each process constructs the metrics
   Metric error: L_inf      1.3877787807814457E-016
 ===========================================================
 Each process finds the partner node of each collocated node
 ===============================================================
 Each process finds the WENO partner node of each collocated node
 ===============================================================
 Each process initializes PETSc ghost vectors
 ===============================================================
 Each process constructs the face-node connectivity
 ===============================================================
 Each process constructs the normal vectors
 ===============================================================
 Start actual computation
 ===============================================================
 P           1
 L1   error:    2.4454877611117035E-002
 L2   error:    4.2309855887224933E-002
 Linf error:   0.18943945284063046     
 CPU time:          1.1286

 Solution files written in solution                                                                                                                


 Start-up file name: SSDCstartup                                                                                                             
 ===============================================================
 Reading the start-up file
 ==========================================================================
 Polynomial order:            2
 ===============================================================
 Over-collocation:            0
 ===============================================================
 Master node reads the AFLR3 grid
 ===============================================================
 Master node builds connectivity and orientation arrays
   Number of vertices             =           30
   Number of hexahedrons          =            8
   Number of boundary faces       =           28
   Number of vertices per element =            8
 ==========================================================================
 Master node calls metis to subdivide the domain
 ===============================================================
 Master node distributes elements
 ===============================================================
 Each process constructs the coordinates of the collocated nodes
 ===============================================================
 Each process constructs the metrics
   Metric error: L_inf      8.1011586328116891E-016
 ===========================================================
 Each process finds the partner node of each collocated node
 ===============================================================
 Each process finds the WENO partner node of each collocated node
 ===============================================================
 Each process initializes PETSc ghost vectors
 ===============================================================
 Each process constructs the face-node connectivity
 ===============================================================
 Each process constructs the normal vectors
 ===============================================================
 Start actual computation
 ===============================================================
 P           2
 L1   error:    6.8566146760873142E-003
 L2   error:    1.4186398597143173E-002
 Linf error:    9.7851121240357219E-002
 CPU time:          3.6529

 Solution files written in solution                                                                                                                


 Start-up file name: SSDCstartup                                                                                                             
 ===============================================================
 Reading the start-up file
 ==========================================================================
 Polynomial order:            3
 ===============================================================
 Over-collocation:            0
 ===============================================================
 Master node reads the AFLR3 grid
 ===============================================================
 Master node builds connectivity and orientation arrays
   Number of vertices             =           30
   Number of hexahedrons          =            8
   Number of boundary faces       =           28
   Number of vertices per element =            8
 ==========================================================================
 Master node calls metis to subdivide the domain
 ===============================================================
 Master node distributes elements
 ===============================================================
 Each process constructs the coordinates of the collocated nodes
 ===============================================================
 Each process constructs the metrics
   Metric error: L_inf      2.8407430127567540E-015
 ===========================================================
 Each process finds the partner node of each collocated node
 ===============================================================
 Each process finds the WENO partner node of each collocated node
 ===============================================================
 Each process initializes PETSc ghost vectors
 ===============================================================
 Each process constructs the face-node connectivity
 ===============================================================
 Each process constructs the normal vectors
 ===============================================================
 Start actual computation
 ===============================================================
 P           3
 L1   error:    1.3076931044520841E-003
 L2   error:    3.2525325475717768E-003
 Linf error:    5.7523313687277700E-002
 CPU time:         11.0485

 Solution files written in solution                                                                                                                

