;;;;;;

 Start-up file name: SSDCstartup                                                                                                             
 ===============================================================
 Reading the start-up file
 ==========================================================================
 Polynomial order:            3
 ===============================================================
 Over-collocation:            0
 ===============================================================
 Master node reads the AFLR3 grid
 ===============================================================
 Master node builds connectivity and orientation arrays
   Number of vertices             =           12
   Number of hexahedrons          =            2
   Number of boundary faces       =           10
   Number of vertices per element =            8
 ==========================================================================
 Master node calls metis to subdivide the domain
 ===============================================================
 Master node distributes elements
 ===============================================================
 Each process constructs the coordinates of the collocated nodes
 ===============================================================
 Each process constructs the metrics
   Metric error: L_inf      3.9898639947466563E-017
 ===========================================================
 Each process finds the partner node of each collocated node
 ===============================================================
 Each process finds the WENO partner node of each collocated node
 ===============================================================
 Each process initializes PETSc ghost vectors
 ===============================================================
 Each process constructs the face-node connectivity
 ===============================================================
 Each process constructs the normal vectors
 ===============================================================
 Start actual computation
 ===============================================================
 P           3
 L1   error:    2.2931677335729574E-002
 L2   error:    3.9506550668791204E-002
 Linf error:   0.15495897822932747     
 CPU time:          7.3291

 Start-up file name: SSDCstartup                                                                                                             
 ===============================================================
 Reading the start-up file
 ==========================================================================
 Polynomial order:            3
 ===============================================================
 Over-collocation:            0
 ===============================================================
 Master node reads the AFLR3 grid
 ===============================================================
 Master node builds connectivity and orientation arrays
   Number of vertices             =           20
   Number of hexahedrons          =            4
   Number of boundary faces       =           18
   Number of vertices per element =            8
 ==========================================================================
 Master node calls metis to subdivide the domain
 ===============================================================
 Master node distributes elements
 ===============================================================
 Each process constructs the coordinates of the collocated nodes
 ===============================================================
 Each process constructs the metrics
   Metric error: L_inf      3.7730235602495554E-017
 ===========================================================
 Each process finds the partner node of each collocated node
 ===============================================================
 Each process finds the WENO partner node of each collocated node
 ===============================================================
 Each process initializes PETSc ghost vectors
 ===============================================================
 Each process constructs the face-node connectivity
 ===============================================================
 Each process constructs the normal vectors
 ===============================================================
 Start actual computation
 ===============================================================
 P           3
 L1   error:    2.0622786321771541E-002
 L2   error:    5.2378918807703352E-002
 Linf error:   0.43913008156526345     
 CPU time:         13.5293

 Start-up file name: SSDCstartup                                                                                                             
 ===============================================================
 Reading the start-up file
 ==========================================================================
 Polynomial order:            3
 ===============================================================
 Over-collocation:            0
 ===============================================================
 Master node reads the AFLR3 grid
 ===============================================================
 Master node builds connectivity and orientation arrays
   Number of vertices             =           36
   Number of hexahedrons          =            8
   Number of boundary faces       =           34
   Number of vertices per element =            8
 ==========================================================================
 Master node calls metis to subdivide the domain
 ===============================================================
 Metis is attempting to divide the domain into 2 partitions
   Returned from metis, 0
 ===============================================================
 Master node distributes elements
 ===============================================================
 Each process constructs the coordinates of the collocated nodes
 ===============================================================
 Each process constructs the metrics
   Metric error: L_inf      6.2450045135165055E-017
 ===========================================================
 Each process finds the partner node of each collocated node
 ===============================================================
 Each process finds the WENO partner node of each collocated node
 ===============================================================
 Each process initializes PETSc ghost vectors
 ===============================================================
 Each process constructs the face-node connectivity
 ===============================================================
 Each process constructs the normal vectors
 ===============================================================
 Start actual computation
 ===============================================================
 P           3
 L1   error:    2.1908811571202232E-002
 L2   error:    4.8565785853392426E-002
 Linf error:   0.48080274491704689     
 CPU time:         13.7452

 Start-up file name: SSDCstartup                                                                                                             
 ===============================================================
 Reading the start-up file
 ==========================================================================
 Polynomial order:            3
 ===============================================================
 Over-collocation:            0
 ===============================================================
 Master node reads the AFLR3 grid
 ===============================================================
 Master node builds connectivity and orientation arrays
   Number of vertices             =           68
   Number of hexahedrons          =           16
   Number of boundary faces       =           66
   Number of vertices per element =            8
 ==========================================================================
 Master node calls metis to subdivide the domain
 ===============================================================
 Metis is attempting to divide the domain into 4 partitions
   Returned from metis, 0
 ===============================================================
 Master node distributes elements
 ===============================================================
 Each process constructs the coordinates of the collocated nodes
 ===============================================================
 Each process constructs the metrics
   Metric error: L_inf      6.0281640790194047E-017
 ===========================================================
 Each process finds the partner node of each collocated node
 ===============================================================
 Each process finds the WENO partner node of each collocated node
 ===============================================================
 Each process initializes PETSc ghost vectors
 ===============================================================
 Each process constructs the face-node connectivity
 ===============================================================
 Each process constructs the normal vectors
 ===============================================================
 Start actual computation
 ===============================================================
 P           3
 L1   error:    1.3417354607974131E-005
 L2   error:    3.3321644112966246E-005
 Linf error:    3.7196011306761534E-004
 CPU time:         14.6494
